[www.java.designpatterns.jobs4times.com/index.html]
[backblue.gif]
[fade.gif]
[index.html]
[www.java.designpatterns.jobs4times.com/styles.css]
[img.logos.jobs4times.com/banner J4T.jpg]
[img.logos.jobs4times.com/as2.jpg]
[www.java.designpatterns.jobs4times.com/singleton-design-patterns.html]
[www.java.designpatterns.jobs4times.com/factory-design-pattern.html]
[www.java.designpatterns.jobs4times.com/factory-method-design-pattern.html]
[www.java.designpatterns.jobs4times.com/abstract-factory-design-pattern.html]
[www.java.designpatterns.jobs4times.com/template-method-design-pattern.html]
[www.java.designpatterns.jobs4times.com/adaptor-design-pattern.html]
[www.java.designpatterns.jobs4times.com/command-design-pattern.html]
[www.java.designpatterns.jobs4times.com/decorator-design-pattern.html]
[www.java.designpatterns.jobs4times.com/flyweight-design-pattern.html]
[www.java.designpatterns.jobs4times.com/intercepting-filter-design-pattern.html]
[www.java.designpatterns.jobs4times.com/front-controller-design-pattern.html]
[www.java.designpatterns.jobs4times.com/application-controller-design-pattern.html]
[www.java.designpatterns.jobs4times.com/context-object-design-pattern.html]
[www.java.designpatterns.jobs4times.com/Data-Access-Object-(DAO)-Design-Pattern.html]
[www.java.designpatterns.jobs4times.com/business-delegate-design-pattern.html]
[www.java.designpatterns.jobs4times.com/session-facade-design-pattern.html]
[www.java.designpatterns.jobs4times.com/index.html]
[www.java.designpatterns.jobs4times.com/styles.css]
[www.java.designpatterns.jobs4times.com/small.html]
[www.java.designpatterns.jobs4times.com/singleton.png]
[www.java.designpatterns.jobs4times.com/singleton-design-patterns.html]
[www.java.designpatterns.jobs4times.com/index-2.html]
[www.java.designpatterns.jobs4times.com/factory-design-pattern.html]
[www.java.designpatterns.jobs4times.com/factory-method-design-pattern.html]
[www.java.designpatterns.jobs4times.com/abstract-factory-design-pattern.html]
[www.java.designpatterns.jobs4times.com/template-method-design-pattern.html]
[www.java.designpatterns.jobs4times.com/adaptor-design-pattern.html]
[www.java.designpatterns.jobs4times.com/command-design-pattern.html]
[www.java.designpatterns.jobs4times.com/decorator-design-pattern.html]
[www.java.designpatterns.jobs4times.com/flyweight-design-pattern.html]
[www.java.designpatterns.jobs4times.com/intercepting-filter-design-pattern.html]
[www.java.designpatterns.jobs4times.com/front-controller-design-pattern.html]
[www.java.designpatterns.jobs4times.com/application-controller-design-pattern.html]
[www.java.designpatterns.jobs4times.com/context-object-design-pattern.html]
[www.java.designpatterns.jobs4times.com/value-object -design-pattern.html]
[www.java.designpatterns.jobs4times.com/Data-Access-Object-(DAO)-Design-Pattern.html]
[www.java.designpatterns.jobs4times.com/business-delegate-design-pattern.html]
[www.java.designpatterns.jobs4times.com/session-facade-design-pattern.html]
[www.java.designpatterns.jobs4times.com/white.html]
[www.java.designpatterns.jobs4times.com/index-2.html]
[www.java.designpatterns.jobs4times.com/factory-pattern.html]
[www.java.designpatterns.jobs4times.com/Factory-Method-Design-Pattern-2.html]
[www.java.designpatterns.jobs4times.com/abstract-factory-design-pattern-2.html]
[www.java.designpatterns.jobs4times.com/template-method-design-pattern-2.html]
[www.java.designpatterns.jobs4times.com/command-design-pattern-2.html]
[www.java.designpatterns.jobs4times.com/decorator-design-pattern-2.html]
[www.java.designpatterns.jobs4times.com/flyweight-design-pattern-2.html]
