[ocpjp.jobs4times.com/index.html]
[backblue.gif]
[fade.gif]
[index.html]
[ocpjp.jobs4times.com/styles.css]
[img.logos.jobs4times.com/banner J4T.jpg]
[ocpjp.jobs4times.com/index-2.html]
[img.logos.jobs4times.com/as2.jpg]
[ocpjp.jobs4times.com/fundamental.html]
[ocpjp.jobs4times.com/declarations.html]
[ocpjp.jobs4times.com/operators.html]
[ocpjp.jobs4times.com/controlFlow.html]
[ocpjp.jobs4times.com/exception-Handling.html]
[ocpjp.jobs4times.com/assertions.html]
[ocpjp.jobs4times.com/gc.html]
[ocpjp.jobs4times.com/oops.html]
[ocpjp.jobs4times.com/multiThread.html]
[ocpjp.jobs4times.com/lang.html]
[ocpjp.jobs4times.com/fileio.html]
[ocpjp.jobs4times.com/collections.html]
[ocpjp.jobs4times.com/inner.html]
[ocpjp.jobs4times.com/internationalization.html]
[ocpjp.jobs4times.com/development.html]
[ocpjp.jobs4times.com/index.html]
[ocpjp.jobs4times.com/small.html]
[ocpjp.jobs4times.com/styles.css]
[ocpjp.jobs4times.com/index-2.html]
[ocpjp.jobs4times.com/fundamental.html]
[ocpjp.jobs4times.com/declarations.html]
[ocpjp.jobs4times.com/operators.html]
[ocpjp.jobs4times.com/controlFlow.html]
[ocpjp.jobs4times.com/exception-Handling.html]
[ocpjp.jobs4times.com/assertions.html]
[ocpjp.jobs4times.com/gc.html]
[ocpjp.jobs4times.com/oops.html]
[ocpjp.jobs4times.com/multiThread.html]
[ocpjp.jobs4times.com/lang.html]
[ocpjp.jobs4times.com/fileio.html]
[ocpjp.jobs4times.com/collections.html]
[ocpjp.jobs4times.com/inner.html]
[ocpjp.jobs4times.com/internationalization.html]
[ocpjp.jobs4times.com/development.html]
[ocpjp.jobs4times.com/white.html]
[ocpjp.jobs4times.com/ricebk.html]
[ocpjp.jobs4times.com/scjpHomePage.html]
[ocpjp.jobs4times.com/development-2.html]
