[java.scjp.jobs4times.com/index.html]
[backblue.gif]
[fade.gif]
[index.html]
[java.scjp.jobs4times.com/styles.css]
[java.scjp.jobs4times.com/fundamental.html]
[java.scjp.jobs4times.com/declarations.html]
[java.scjp.jobs4times.com/operators.html]
[java.scjp.jobs4times.com/controlFlow.html]
[java.scjp.jobs4times.com/exceptionHandling.html]
[java.scjp.jobs4times.com/asser.html]
[java.scjp.jobs4times.com/gc.html]
[java.scjp.jobs4times.com/oops.html]
[java.scjp.jobs4times.com/multiThread.html]
[java.scjp.jobs4times.com/lang.html]
[java.scjp.jobs4times.com/fileio.html]
[java.scjp.jobs4times.com/serial.html]
[java.scjp.jobs4times.com/collections.html]
[java.scjp.jobs4times.com/generics.html]
[java.scjp.jobs4times.com/inner.html]
[java.scjp.jobs4times.com/i18n.html]
[java.scjp.jobs4times.com/development.html]
[java.scjp.jobs4times.com/enum.html]
[java.scjp.jobs4times.com/regexp.html]
[java.scjp.jobs4times.com/index.html]
[resources.infolinks.com/js/infolinks_main.js]
[java.scjp.jobs4times.com/white.gif]
[java.scjp.jobs4times.com/styles.css]
[java.scjp.jobs4times.com/ricebk.jpg]
[img.logos.jobs4times.com/banner J4T.jpg]
[java.scjp.jobs4times.com/index-2.html]
[img.logos.jobs4times.com/as2.jpg]
[java.scjp.jobs4times.com/fund/image001.png]
[java.scjp.jobs4times.com/fund/image004.png]
[java.scjp.jobs4times.com/fund/image006.png]
[java.scjp.jobs4times.com/fund/image009.png]
[java.scjp.jobs4times.com/fund/image011.png]
[java.scjp.jobs4times.com/fund/image013.png]
[java.scjp.jobs4times.com/fund/image015.png]
[java.scjp.jobs4times.com/fund/image017.png]
[java.scjp.jobs4times.com/fund/image021.png]
[java.scjp.jobs4times.com/fund/image023.png]
[java.scjp.jobs4times.com/fund/image025.png]
[java.scjp.jobs4times.com/fund/image027.png]
[java.scjp.jobs4times.com/fund/image029.png]
[java.scjp.jobs4times.com/fund/image031.png]
[java.scjp.jobs4times.com/fund/image033.png]
[java.scjp.jobs4times.com/fund/image035.png]
[java.scjp.jobs4times.com/fund/image037.png]
[java.scjp.jobs4times.com/fund/image039.png]
[java.scjp.jobs4times.com/fund/image041.png]
[java.scjp.jobs4times.com/fund/image043.png]
[java.scjp.jobs4times.com/fund/image045.png]
[java.scjp.jobs4times.com/fund/image047.png]
[java.scjp.jobs4times.com/fund/image049.png]
[java.scjp.jobs4times.com/fund/image051.png]
[java.scjp.jobs4times.com/fund/image053.png]
[java.scjp.jobs4times.com/fund/image055.png]
[java.scjp.jobs4times.com/fund/image057.png]
[java.scjp.jobs4times.com/fund/image059.png]
[java.scjp.jobs4times.com/fund/image061.png]
[java.scjp.jobs4times.com/fund/image063.png]
[java.scjp.jobs4times.com/fund/image065.png]
[java.scjp.jobs4times.com/fund/fund.png]
[java.scjp.jobs4times.com/fund/image069.png]
[java.scjp.jobs4times.com/fund/image072.png]
[java.scjp.jobs4times.com/fund/image074.png]
[java.scjp.jobs4times.com/fund/image076.png]
[java.scjp.jobs4times.com/fund/image078.png]
[java.scjp.jobs4times.com/fund/image080.png]
[java.scjp.jobs4times.com/fund/image082.png]
[java.scjp.jobs4times.com/fund/image086.png]
[java.scjp.jobs4times.com/fund/image089.png]
[java.scjp.jobs4times.com/fund/fund1.png]
[java.scjp.jobs4times.com/fund/image091.png]
[java.scjp.jobs4times.com/fund/image093.png]
[java.scjp.jobs4times.com/fund/image095.png]
[java.scjp.jobs4times.com/fund/image098.png]
[java.scjp.jobs4times.com/fund/image102.png]
[java.scjp.jobs4times.com/fund/image104.png]
[java.scjp.jobs4times.com/fund/fund2.png]
[java.scjp.jobs4times.com/fundamental.html]
[java.scjp.jobs4times.com/flow/image025.png]
[java.scjp.jobs4times.com/flow/image027.png]
[java.scjp.jobs4times.com/flow/image029.png]
[java.scjp.jobs4times.com/flow/image031.png]
[java.scjp.jobs4times.com/flow/image033.png]
[java.scjp.jobs4times.com/flow/image035.png]
[java.scjp.jobs4times.com/flow/image037.png]
[java.scjp.jobs4times.com/flow/image039.png]
[java.scjp.jobs4times.com/flow/image041.png]
[java.scjp.jobs4times.com/flow/image043.png]
[java.scjp.jobs4times.com/flow/image045.png]
[java.scjp.jobs4times.com/flow/image047.png]
[java.scjp.jobs4times.com/flow/image049.png]
[java.scjp.jobs4times.com/flow/image051.png]
[java.scjp.jobs4times.com/flow/image053.png]
[java.scjp.jobs4times.com/flow/image055.png]
[java.scjp.jobs4times.com/flow/image057.png]
[java.scjp.jobs4times.com/flow/image059.png]
[java.scjp.jobs4times.com/flow/image061.png]
[java.scjp.jobs4times.com/flow/image063.png]
[java.scjp.jobs4times.com/flow/image065.png]
[java.scjp.jobs4times.com/flow/image067.png]
[java.scjp.jobs4times.com/flow/image069.png]
[java.scjp.jobs4times.com/flow/image071.png]
[java.scjp.jobs4times.com/flow/image073.png]
[java.scjp.jobs4times.com/flow/image075.png]
[java.scjp.jobs4times.com/flow/image077.png]
[java.scjp.jobs4times.com/flow/image079.png]
[java.scjp.jobs4times.com/flow/image081.png]
[java.scjp.jobs4times.com/flow/image083.png]
[java.scjp.jobs4times.com/flow/image085.png]
[java.scjp.jobs4times.com/flow/image087.png]
[java.scjp.jobs4times.com/flow/image089.png]
[java.scjp.jobs4times.com/flow/image091.png]
[java.scjp.jobs4times.com/flow/image093.png]
[java.scjp.jobs4times.com/flow/image095.png]
[java.scjp.jobs4times.com/flow/image097.png]
[java.scjp.jobs4times.com/flow/image099.png]
[java.scjp.jobs4times.com/flow/image101.png]
[java.scjp.jobs4times.com/flow/image103.png]
[java.scjp.jobs4times.com/flow/image107.png]
[java.scjp.jobs4times.com/flow/image110.png]
[java.scjp.jobs4times.com/flow/image112.png]
[java.scjp.jobs4times.com/flow/decla.png]
[java.scjp.jobs4times.com/declarations.html]
[java.scjp.jobs4times.com/operator/image001.png]
[java.scjp.jobs4times.com/operator/image002.png]
[java.scjp.jobs4times.com/operator/image003.png]
[java.scjp.jobs4times.com/operator/image004.png]
[java.scjp.jobs4times.com/operator/image005.png]
[java.scjp.jobs4times.com/operator/image008.png]
[java.scjp.jobs4times.com/operator/image009.png]
[java.scjp.jobs4times.com/operator/image010.png]
[java.scjp.jobs4times.com/operator/image011.png]
[java.scjp.jobs4times.com/operator/image012.png]
[java.scjp.jobs4times.com/operator/image013.png]
[java.scjp.jobs4times.com/operator/image014.png]
[java.scjp.jobs4times.com/operator/image015.png]
[java.scjp.jobs4times.com/operator/image016.png]
[java.scjp.jobs4times.com/operator/image017.png]
[java.scjp.jobs4times.com/operator/image018.png]
[java.scjp.jobs4times.com/operator/image019.png]
[java.scjp.jobs4times.com/operator/image020.png]
[java.scjp.jobs4times.com/operator/image021.png]
[java.scjp.jobs4times.com/operator/image022.png]
[java.scjp.jobs4times.com/operator/image023.png]
[java.scjp.jobs4times.com/operator/image024.png]
[java.scjp.jobs4times.com/operator/image025.png]
[java.scjp.jobs4times.com/operator/image026.png]
[java.scjp.jobs4times.com/operator/image027.png]
[java.scjp.jobs4times.com/operator/image028.png]
[java.scjp.jobs4times.com/operator/image029.png]
[java.scjp.jobs4times.com/operator/image030.png]
[java.scjp.jobs4times.com/operator/image031.png]
[java.scjp.jobs4times.com/operator/image032.png]
[java.scjp.jobs4times.com/operator/image033.png]
[java.scjp.jobs4times.com/operator/image034.png]
[java.scjp.jobs4times.com/operator/image035.png]
[java.scjp.jobs4times.com/operator/image036.png]
[java.scjp.jobs4times.com/operator/image037.png]
[java.scjp.jobs4times.com/operator/image038.png]
[java.scjp.jobs4times.com/operator/image039.png]
[java.scjp.jobs4times.com/operator/image040.png]
[java.scjp.jobs4times.com/operator/image041.png]
[java.scjp.jobs4times.com/operator/image042.png]
[java.scjp.jobs4times.com/operator/image043.png]
[java.scjp.jobs4times.com/operators.html]
[java.scjp.jobs4times.com/flow/image001.png]
[java.scjp.jobs4times.com/flow/image003.png]
[java.scjp.jobs4times.com/flow/image005.png]
[java.scjp.jobs4times.com/flow/image007.png]
[java.scjp.jobs4times.com/flow/image009.png]
[java.scjp.jobs4times.com/flow/image011.png]
[java.scjp.jobs4times.com/flow/image013.png]
[java.scjp.jobs4times.com/flow/image015.png]
[java.scjp.jobs4times.com/flow/image017.png]
[java.scjp.jobs4times.com/flow/flow.png]
[java.scjp.jobs4times.com/flow/image019.png]
[java.scjp.jobs4times.com/flow/image021.png]
[java.scjp.jobs4times.com/flow/image023.png]
[java.scjp.jobs4times.com/controlFlow.html]
[java.scjp.jobs4times.com/excep/image001.png]
[java.scjp.jobs4times.com/excep/image002.png]
[java.scjp.jobs4times.com/excep/image003.png]
[java.scjp.jobs4times.com/excep/image004.png]
[java.scjp.jobs4times.com/excep/image005.png]
[java.scjp.jobs4times.com/excep/image006.png]
[java.scjp.jobs4times.com/excep/image007.png]
[java.scjp.jobs4times.com/excep/image008.png]
[java.scjp.jobs4times.com/excep/image009.png]
[java.scjp.jobs4times.com/excep/ex1.png]
[java.scjp.jobs4times.com/excep/image010.png]
[java.scjp.jobs4times.com/excep/image011.png]
[java.scjp.jobs4times.com/exceptionHandling.html]
[java.scjp.jobs4times.com/excep/ex2.png]
[java.scjp.jobs4times.com/asser/image001.png]
[java.scjp.jobs4times.com/asser/image002.png]
[java.scjp.jobs4times.com/asser/image003.png]
[java.scjp.jobs4times.com/asser/image004.png]
[java.scjp.jobs4times.com/asser/image005.png]
[java.scjp.jobs4times.com/asser/image006.png]
[java.scjp.jobs4times.com/asser.html]
[java.scjp.jobs4times.com/flow/image142.png]
[java.scjp.jobs4times.com/flow/image144.png]
[java.scjp.jobs4times.com/flow/image146.png]
[java.scjp.jobs4times.com/flow/image148.png]
[java.scjp.jobs4times.com/flow/image150.png]
[java.scjp.jobs4times.com/flow/image151.png]
[java.scjp.jobs4times.com/flow/image152.png]
[java.scjp.jobs4times.com/flow/image154.png]
[java.scjp.jobs4times.com/gc.html]
[java.scjp.jobs4times.com/oops/image001.png]
[java.scjp.jobs4times.com/oops/image003.png]
[java.scjp.jobs4times.com/oops/image005.png]
[java.scjp.jobs4times.com/oops/image007.png]
[java.scjp.jobs4times.com/oops/image009.png]
[java.scjp.jobs4times.com/oops/image011.png]
[java.scjp.jobs4times.com/oops/image013.png]
[java.scjp.jobs4times.com/oops/image015.png]
[java.scjp.jobs4times.com/oops/image017.png]
[java.scjp.jobs4times.com/oops/image019.png]
[java.scjp.jobs4times.com/oops/image021.png]
[java.scjp.jobs4times.com/oops/image023.png]
[java.scjp.jobs4times.com/oops/image025.png]
[java.scjp.jobs4times.com/oops/image027.png]
[java.scjp.jobs4times.com/oops/image029.png]
[java.scjp.jobs4times.com/oops/image031.png]
[java.scjp.jobs4times.com/oops/image033.png]
[java.scjp.jobs4times.com/oops/image069.png]
[java.scjp.jobs4times.com/oops/image071.png]
[java.scjp.jobs4times.com/oops/image035.png]
[java.scjp.jobs4times.com/oops/image037.png]
[java.scjp.jobs4times.com/oops/image040.png]
[java.scjp.jobs4times.com/oops/image044.png]
[java.scjp.jobs4times.com/oops/image049.png]
[java.scjp.jobs4times.com/oops/image051.png]
[java.scjp.jobs4times.com/oops/image053.png]
[java.scjp.jobs4times.com/oops/image055.png]
[java.scjp.jobs4times.com/oops/image057.png]
[java.scjp.jobs4times.com/oops/image059.png]
[java.scjp.jobs4times.com/oops/image061.png]
[java.scjp.jobs4times.com/oops/image063.png]
[java.scjp.jobs4times.com/oops/image074.png]
[java.scjp.jobs4times.com/oops/image078.png]
[java.scjp.jobs4times.com/oops/image080.png]
[java.scjp.jobs4times.com/oops/image082.png]
[java.scjp.jobs4times.com/oops/image084.png]
[java.scjp.jobs4times.com/oops/image086.png]
[java.scjp.jobs4times.com/oops/image088.png]
[java.scjp.jobs4times.com/oops/image090.png]
[java.scjp.jobs4times.com/oops/image092.png]
[java.scjp.jobs4times.com/oops/image094.png]
[java.scjp.jobs4times.com/oops/image096.png]
[java.scjp.jobs4times.com/oops/image098.png]
[java.scjp.jobs4times.com/oops/image100.png]
[java.scjp.jobs4times.com/oops/image102.png]
[java.scjp.jobs4times.com/oops/image104.png]
[java.scjp.jobs4times.com/oops/image106.png]
[java.scjp.jobs4times.com/oops/image108.png]
[java.scjp.jobs4times.com/oops/image110.png]
[java.scjp.jobs4times.com/oops/image112.png]
[java.scjp.jobs4times.com/oops/image114.png]
[java.scjp.jobs4times.com/oops/image116.png]
[java.scjp.jobs4times.com/oops/image118.png]
[java.scjp.jobs4times.com/oops/image120.png]
[java.scjp.jobs4times.com/oops/image122.png]
[java.scjp.jobs4times.com/oops/image124.png]
[java.scjp.jobs4times.com/oops/image126.png]
[java.scjp.jobs4times.com/oops/image128.png]
[java.scjp.jobs4times.com/oops/image130.png]
[java.scjp.jobs4times.com/oops/image132.png]
[java.scjp.jobs4times.com/oops.html]
[java.scjp.jobs4times.com/multiThread/image001.png]
[java.scjp.jobs4times.com/multiThread/image003.png]
[java.scjp.jobs4times.com/multiThread/image006.png]
[java.scjp.jobs4times.com/multiThread/image008.png]
[java.scjp.jobs4times.com/multiThread/image010.png]
[java.scjp.jobs4times.com/multiThread/image012.png]
[java.scjp.jobs4times.com/multiThread/image014.png]
[java.scjp.jobs4times.com/multiThread/image016.png]
[java.scjp.jobs4times.com/multiThread/image018.png]
[java.scjp.jobs4times.com/multiThread/image021.png]
[java.scjp.jobs4times.com/multiThread/image023.png]
[java.scjp.jobs4times.com/multiThread/image026.png]
[java.scjp.jobs4times.com/multiThread/image028.png]
[java.scjp.jobs4times.com/multiThread/image030.png]
[java.scjp.jobs4times.com/multiThread/image033.png]
[java.scjp.jobs4times.com/multiThread/image036.png]
[java.scjp.jobs4times.com/multiThread/image038.png]
[java.scjp.jobs4times.com/multiThread/image040.png]
[java.scjp.jobs4times.com/multiThread/image042.png]
[java.scjp.jobs4times.com/multiThread/image044.png]
[java.scjp.jobs4times.com/multiThread/image046.png]
[java.scjp.jobs4times.com/multiThread/image048.png]
[java.scjp.jobs4times.com/multiThread/image050.png]
[java.scjp.jobs4times.com/multiThread/image052.png]
[java.scjp.jobs4times.com/multiThread.html]
[java.scjp.jobs4times.com/lang/image001.png]
[java.scjp.jobs4times.com/lang/image002.png]
[java.scjp.jobs4times.com/lang/image003.png]
[java.scjp.jobs4times.com/lang/image004.png]
[java.scjp.jobs4times.com/lang/lang.png]
[java.scjp.jobs4times.com/lang/image005.png]
[java.scjp.jobs4times.com/lang/lang2.png]
[java.scjp.jobs4times.com/lang/image006.png]
[java.scjp.jobs4times.com/lang/image007.png]
[java.scjp.jobs4times.com/lang/image008.png]
[java.scjp.jobs4times.com/lang/image009.png]
[java.scjp.jobs4times.com/lang/image010.png]
[java.scjp.jobs4times.com/lang/image011.png]
[java.scjp.jobs4times.com/lang/image012.png]
[java.scjp.jobs4times.com/lang/image013.png]
[java.scjp.jobs4times.com/lang/image014.png]
[java.scjp.jobs4times.com/lang/image015.png]
[java.scjp.jobs4times.com/lang/image016.png]
[java.scjp.jobs4times.com/lang/image017.png]
[java.scjp.jobs4times.com/lang/image018.png]
[java.scjp.jobs4times.com/lang/image019.png]
[java.scjp.jobs4times.com/lang/image020.png]
[java.scjp.jobs4times.com/lang/image021.png]
[java.scjp.jobs4times.com/lang/image022.png]
[java.scjp.jobs4times.com/lang/image023.png]
[java.scjp.jobs4times.com/lang/image024.png]
[java.scjp.jobs4times.com/lang/image025.png]
[java.scjp.jobs4times.com/lang/image026.png]
[java.scjp.jobs4times.com/lang/image027.png]
[java.scjp.jobs4times.com/lang/image028.png]
[java.scjp.jobs4times.com/lang/image029.png]
[java.scjp.jobs4times.com/lang/lang3.png]
[java.scjp.jobs4times.com/lang/image030.png]
[java.scjp.jobs4times.com/lang/image031.png]
[java.scjp.jobs4times.com/lang/image032.png]
[java.scjp.jobs4times.com/lang/image033.png]
[java.scjp.jobs4times.com/lang/image034.png]
[java.scjp.jobs4times.com/lang/image035.png]
[java.scjp.jobs4times.com/lang/image036.png]
[java.scjp.jobs4times.com/lang/image037.png]
[java.scjp.jobs4times.com/lang/image038.png]
[java.scjp.jobs4times.com/lang/image039.png]
[java.scjp.jobs4times.com/lang/image040.png]
[java.scjp.jobs4times.com/lang/image041.png]
[java.scjp.jobs4times.com/lang/image042.png]
[java.scjp.jobs4times.com/lang/image043.png]
[java.scjp.jobs4times.com/lang/image044.png]
[java.scjp.jobs4times.com/lang.html]
[java.scjp.jobs4times.com/io/io.png]
[java.scjp.jobs4times.com/io/io1.png]
[java.scjp.jobs4times.com/io/io2.png]
[java.scjp.jobs4times.com/io/io3.png]
[java.scjp.jobs4times.com/io/io4.png]
[java.scjp.jobs4times.com/io/io5.png]
[java.scjp.jobs4times.com/io/io6.png]
[java.scjp.jobs4times.com/fileio.html]
[java.scjp.jobs4times.com/serial/image001.png]
[java.scjp.jobs4times.com/serial/image002.png]
[java.scjp.jobs4times.com/serial/image003.png]
[java.scjp.jobs4times.com/serial/image004.png]
[java.scjp.jobs4times.com/serial/image005.png]
[java.scjp.jobs4times.com/serial/image006.png]
[java.scjp.jobs4times.com/serial/image007.png]
[java.scjp.jobs4times.com/serial/image008.png]
[java.scjp.jobs4times.com/serial/image009.jpg]
[java.scjp.jobs4times.com/serial.html]
[java.scjp.jobs4times.com/colle/image001.png]
[java.scjp.jobs4times.com/colle/image002.png]
[java.scjp.jobs4times.com/colle/image003.png]
[java.scjp.jobs4times.com/colle/image004.png]
[java.scjp.jobs4times.com/colle/image005.png]
[java.scjp.jobs4times.com/colle/image006.png]
[java.scjp.jobs4times.com/colle/image007.png]
[java.scjp.jobs4times.com/colle/image008.png]
[java.scjp.jobs4times.com/colle/image009.png]
[java.scjp.jobs4times.com/colle/image010.png]
[java.scjp.jobs4times.com/colle/image011.png]
[java.scjp.jobs4times.com/colle/image012.png]
[java.scjp.jobs4times.com/colle/image013.png]
[java.scjp.jobs4times.com/colle/image014.png]
[java.scjp.jobs4times.com/colle/image015.png]
[java.scjp.jobs4times.com/colle/image016.png]
[java.scjp.jobs4times.com/colle/image017.png]
[java.scjp.jobs4times.com/colle/image018.png]
[java.scjp.jobs4times.com/colle/image019.png]
[java.scjp.jobs4times.com/colle/image020.png]
[java.scjp.jobs4times.com/colle/image021.png]
[java.scjp.jobs4times.com/colle/image022.png]
[java.scjp.jobs4times.com/colle/image023.png]
[java.scjp.jobs4times.com/colle/image024.png]
[java.scjp.jobs4times.com/colle/image025.png]
[java.scjp.jobs4times.com/colle/image026.png]
[java.scjp.jobs4times.com/colle/image027.png]
[java.scjp.jobs4times.com/colle/image028.png]
[java.scjp.jobs4times.com/colle/image029.png]
[java.scjp.jobs4times.com/collections.html]
[java.scjp.jobs4times.com/gener/image001.png]
[java.scjp.jobs4times.com/gener/image002.png]
[java.scjp.jobs4times.com/gener/image003.png]
[java.scjp.jobs4times.com/gener/image004.png]
[java.scjp.jobs4times.com/gener/image005.png]
[java.scjp.jobs4times.com/gener/image006.png]
[java.scjp.jobs4times.com/gener/image007.png]
[java.scjp.jobs4times.com/gener/image008.png]
[java.scjp.jobs4times.com/gener/image009.png]
[java.scjp.jobs4times.com/gener/image010.png]
[java.scjp.jobs4times.com/gener/image011.png]
[java.scjp.jobs4times.com/gener/image012.png]
[java.scjp.jobs4times.com/gener/image013.png]
[java.scjp.jobs4times.com/gener/image014.png]
[java.scjp.jobs4times.com/gener/image015.png]
[java.scjp.jobs4times.com/gener/image016.png]
[java.scjp.jobs4times.com/generics.html]
[java.scjp.jobs4times.com/inner/image001.png]
[java.scjp.jobs4times.com/inner/image002.png]
[java.scjp.jobs4times.com/inner/image003.png]
[java.scjp.jobs4times.com/inner/image004.png]
[java.scjp.jobs4times.com/inner/image005.png]
[java.scjp.jobs4times.com/inner/image006.png]
[java.scjp.jobs4times.com/inner/image007.png]
[java.scjp.jobs4times.com/inner/image008.png]
[java.scjp.jobs4times.com/inner/image009.png]
[java.scjp.jobs4times.com/inner/image010.png]
[java.scjp.jobs4times.com/inner/inner.png]
[java.scjp.jobs4times.com/inner/image011.png]
[java.scjp.jobs4times.com/inner/image012.png]
[java.scjp.jobs4times.com/inner/inner1.png]
[java.scjp.jobs4times.com/inner.html]
[java.scjp.jobs4times.com/in/image001.png]
[java.scjp.jobs4times.com/in/in1.png]
[java.scjp.jobs4times.com/in/image002.png]
[java.scjp.jobs4times.com/in/in2.png]
[java.scjp.jobs4times.com/in/image003.png]
[java.scjp.jobs4times.com/i18n.html]
[java.scjp.jobs4times.com/flow/image114.png]
[java.scjp.jobs4times.com/flow/image116.png]
[java.scjp.jobs4times.com/flow/image118.png]
[java.scjp.jobs4times.com/flow/image120.png]
[java.scjp.jobs4times.com/flow/image122.png]
[java.scjp.jobs4times.com/flow/image124.png]
[java.scjp.jobs4times.com/flow/image126.png]
[java.scjp.jobs4times.com/flow/image128.png]
[java.scjp.jobs4times.com/flow/image130.png]
[java.scjp.jobs4times.com/flow/image132.png]
[java.scjp.jobs4times.com/flow/image134.png]
[java.scjp.jobs4times.com/flow/image136.png]
[java.scjp.jobs4times.com/flow/image138.png]
[java.scjp.jobs4times.com/flow/image140.png]
[java.scjp.jobs4times.com/flow/dev1.png]
[java.scjp.jobs4times.com/flow/dev2.png]
[java.scjp.jobs4times.com/development.html]
[java.scjp.jobs4times.com/flow/image157.png]
[java.scjp.jobs4times.com/flow/image159.png]
[java.scjp.jobs4times.com/flow/image162.png]
[java.scjp.jobs4times.com/flow/image164.png]
[java.scjp.jobs4times.com/flow/image166.png]
[java.scjp.jobs4times.com/flow/image168.png]
[java.scjp.jobs4times.com/flow/image170.png]
[java.scjp.jobs4times.com/flow/image172.png]
[java.scjp.jobs4times.com/enum.html]
[java.scjp.jobs4times.com/regex/image001.png]
[java.scjp.jobs4times.com/regex/image003.png]
[java.scjp.jobs4times.com/regex/image005.png]
[java.scjp.jobs4times.com/regex/image009.png]
[java.scjp.jobs4times.com/regexp.html]
[java.scjp.jobs4times.com/index-2.html]
[java.scjp.jobs4times.com/regex/image007.html]
[java.ocjp.jobs4times.com/scjp-dumb.png]
