[java.scwcd.jobs4times.com/index.html]
[backblue.gif]
[fade.gif]
[index.html]
[java.scwcd.jobs4times.com/styles.css]
[img.logos.jobs4times.com/banner J4T.jpg]
[java.scwcd.jobs4times.com/index-2.html]
[img.logos.jobs4times.com/as2.jpg]
[java.scwcd.jobs4times.com/Servlet-Technology-Model.html]
[java.scwcd.jobs4times.com/Structure-Deployment.html]
[java.scwcd.jobs4times.com/Web-Container-Model.html]
[java.scwcd.jobs4times.com/Session-Management.html]
[java.scwcd.jobs4times.com/Web-Application-Security.html]
[java.scwcd.jobs4times.com/JSP-Technology-model.html]
[java.scwcd.jobs4times.com/JSP-Actions.html]
[java.scwcd.jobs4times.com/JSP-Expression-Language.html]
[java.scwcd.jobs4times.com/JSP-Java-Standard-Tag-Library.html]
[java.scwcd.jobs4times.com/JSP-Custom-Tags-Library.html]
[java.scwcd.jobs4times.com/Java-EE-Patterns.html]
[java.scwcd.jobs4times.com/index.html]
[java.scwcd.jobs4times.com/white.gif]
[java.scwcd.jobs4times.com/ricebk.jpg]
[java.scwcd.jobs4times.com/styles.css]
[java.scwcd.jobs4times.com/index-2.html]
[java.scwcd.jobs4times.com/mode/mode1.png]
[java.scwcd.jobs4times.com/mode/mode3.png]
[java.scwcd.jobs4times.com/mode/mode2.png]
[java.scwcd.jobs4times.com/mode/mod4.png]
[java.scwcd.jobs4times.com/mode/mod5.png]
[java.scwcd.jobs4times.com/mode/mod6.png]
[java.scwcd.jobs4times.com/mode/mod7.png]
[java.scwcd.jobs4times.com/mode/mod8.png]
[java.scwcd.jobs4times.com/mode/mod9.png]
[java.scwcd.jobs4times.com/mode/mod10.png]
[java.scwcd.jobs4times.com/mode/mod11.png]
[java.scwcd.jobs4times.com/mode/mod12.png]
[java.scwcd.jobs4times.com/mode/mod13.png]
[java.scwcd.jobs4times.com/mode/mod14.png]
[java.scwcd.jobs4times.com/mode/mod15.png]
[java.scwcd.jobs4times.com/Servlet-Technology-Model.html]
[java.scwcd.jobs4times.com/right.png]
[java.scwcd.jobs4times.com/wrong.png]
[java.scwcd.jobs4times.com/struc/struct1.png]
[java.scwcd.jobs4times.com/struc/struct2.png]
[java.scwcd.jobs4times.com/struc/struct3.png]
[java.scwcd.jobs4times.com/struc/struct4.png]
[java.scwcd.jobs4times.com/Structure-Deployment.html]
[java.scwcd.jobs4times.com/contain1/con1.png]
[java.scwcd.jobs4times.com/contain1/con2.png]
[java.scwcd.jobs4times.com/contain1/con3.png]
[java.scwcd.jobs4times.com/contain1/con4.png]
[java.scwcd.jobs4times.com/contain1/con5.png]
[java.scwcd.jobs4times.com/contain1/con6.png]
[java.scwcd.jobs4times.com/contain1/con7.png]
[java.scwcd.jobs4times.com/contain1/con8.png]
[java.scwcd.jobs4times.com/contain1/con9.png]
[java.scwcd.jobs4times.com/contain1/con91.png]
[java.scwcd.jobs4times.com/contain1/con101.png]
[java.scwcd.jobs4times.com/contain1/con10.png]
[java.scwcd.jobs4times.com/contain1/con11.png]
[java.scwcd.jobs4times.com/contain1/con111.png]
[java.scwcd.jobs4times.com/contain1/con12.png]
[java.scwcd.jobs4times.com/contain1/con13.png]
[java.scwcd.jobs4times.com/contain1/con14.png]
[java.scwcd.jobs4times.com/contain1/con15.png]
[java.scwcd.jobs4times.com/Web-Container-Model.html]
[java.scwcd.jobs4times.com/session/ses3.png]
[java.scwcd.jobs4times.com/session/ses1.png]
[java.scwcd.jobs4times.com/session/ses2.png]
[java.scwcd.jobs4times.com/session/lis.png]
[java.scwcd.jobs4times.com/session/lis3.png]
[java.scwcd.jobs4times.com/session/lis1.png]
[java.scwcd.jobs4times.com/session/lis4.png]
[java.scwcd.jobs4times.com/session/lis2.png]
[java.scwcd.jobs4times.com/Session-Management.html]
[java.scwcd.jobs4times.com/secur/basicAuth.jpg]
[java.scwcd.jobs4times.com/secur/clientCert.jpg]
[java.scwcd.jobs4times.com/secur/clientCertNotSecure.jpg]
[java.scwcd.jobs4times.com/secur/clientCertSecure.jpg]
[java.scwcd.jobs4times.com/Web-Application-Security.html]
[java.scwcd.jobs4times.com/Servlet3-Annotation.html]
[java.scwcd.jobs4times.com/JSP-Technology-model.html]
[java.scwcd.jobs4times.com/JSP-Actions.html]
[java.scwcd.jobs4times.com/JSP-Expression-Language.html]
[java.scwcd.jobs4times.com/JSP-Java-Standard-Tag-Library.html]
[resources.infolinks.com/js/infolinks_main.js]
[java.scwcd.jobs4times.com/styles1.css]
[java.scwcd.jobs4times.com/custom/custom-flow.png]
[java.scwcd.jobs4times.com/custom/jspTag.png]
[java.scwcd.jobs4times.com/custom/events.jpg]
[java.scwcd.jobs4times.com/custom/iteration-tag-flow.png]
[java.scwcd.jobs4times.com/custom/body-tag.png]
[java.scwcd.jobs4times.com/custom/simple-flow-chart.png]
[java.scwcd.jobs4times.com/custom/skip-page.png]
[java.scwcd.jobs4times.com/custom/implicit-object-methods.png]
[java.scwcd.jobs4times.com/JSP-Custom-Tags-Library.html]
[java.scwcd.jobs4times.com/Java-EE-Patterns.html]
[java.scwcd.jobs4times.com/scjp/WebRoot/wrong.html]
[java.scwcd.jobs4times.com/scjp/WebRoot/fileio/image003.html]
[java.scwcd.jobs4times.com/session/sreq2.html]
[java.scwcd.jobs4times.com/session/sreq3.html]
[java.scwcd.jobs4times.com/session/sre4.html]
[java.scwcd.jobs4times.com/styles1.css]
[java.scwcd.jobs4times.com/ScwcdHomePage.html]
